version: 2
    {'ClassName'          }
    {'EditableSectionCode'}
    {'Callbacks'          }
    {'StartupCallback'    }
    {'InputParameters'    }
    {'AppTypeData'        }

== ClassName : char [1 10]
== EditableSectionCode : cell [1 94]
== Callbacks : struct [1 3]
== StartupCallback : struct [1 1]
== InputParameters : char [1 42]
== AppTypeData : struct [1 1]
    {'Name'}
    {'Code'}

  -- Name : char [1 28]
ExporttoDropDownValueChanged
  -- Code : cell [1 27]
  Columns 1 through 7

    {'            valu…'}    {'            '}    {'            swit…'}    {'                …'}    {'                …'}    {'                …'}    {'                …'}

  Columns 8 through 14

    {'                …'}    {'                …'}    {'                …'}    {'                …'}    {'                …'}    {'                …'}    {'                …'}

  Columns 15 through 21

    {'                …'}    {'                …'}    {'                …'}    {'                …'}    {'                …'}    {'                …'}    {'                …'}

  Columns 22 through 27

    {'                …'}    {'                …'}    {'                …'}    {'                …'}    {'                …'}    {'            end'}

  struct with no fields.

DataExport
  Columns 1 through 9

    {'    properties (…'}    {'        BERTable…'}    {'        berStruct'}    {'    end'}    {'  '}    {'  properties (Ac…'}    {'    ParentApp % …'}    {'  end'}    {'    '}

  Columns 10 through 16

    {'    methods (Acc…'}    {'        function…'}    {'            app.…'}    {'            app.…'}    {'        end'}    {'        '}    {'        function…'}

  Columns 17 through 23

    {'            app.…'}    {'            app.…'}    {'        end'}    {'        '}    {'        function…'}    {'            app.…'}    {'            app.…'}

  Columns 24 through 30

    {'            app.…'}    {'            app.…'}    {'            app.…'}    {'        end'}    {'        '}    {'        function…'}    {'            app.…'}

  Columns 31 through 37

    {'            app.…'}    {'            app.…'}    {'            app.…'}    {'            app.…'}    {'        end'}    {'        '}    {'        function…'}

  Columns 38 through 44

    {'            app.…'}    {'            app.…'}    {'            app.…'}    {'            app.…'}    {'            app.…'}    {'        end'}    {'        '}

  Columns 45 through 51

    {'        function…'}    {'            app.…'}    {'            app.…'}    {'            app.…'}    {'            app.…'}    {'            app.…'}    {'        end'}

  Columns 52 through 58

    {'        '}    {'        function…'}    {'            app.…'}    {'            app.…'}    {'            app.…'}    {'            app.…'}    {'            app.…'}

  Columns 59 through 65

    {'        end'}    {'        '}    {'        function…'}    {'            app.…'}    {'            app.…'}    {'            app.…'}    {'            app.…'}

  Columns 66 through 72

    {'            app.…'}    {'        end'}    {'        '}    {'        function…'}    {'            app.…'}    {'            app.…'}    {'            app.…'}

  Columns 73 through 79

    {'            app.…'}    {'            app.…'}    {'        end'}    {'        '}    {'        function…'}    {'            app.…'}    {'            app.…'}

  Columns 80 through 86

    {'            app.…'}    {'            app.…'}    {'            app.…'}    {'        end'}    {'        '}    {'        function…'}    {'            app.…'}

  Columns 87 through 94

    {'            app.…'}    {'        end'}    {'        '}    {'        function…'}    {'            app.…'}    {'            app.…'}    {'        end'}    {'    end    '}

parentApp, BERTableData, berStructSelected
    Name: 'startupFcn'
    Code: {1×30 cell}

